Enter password: ****
Welcome to the MySQL monitor.  Commands end with ; or \g.
Your MySQL connection id is 8
Server version: 5.5.62 MySQL Community Server (GPL)

Copyright (c) 2000, 2018, Oracle and/or its affiliates. All rights reserved.

Oracle is a registered trademark of Oracle Corporation and/or its
affiliates. Other names may be trademarks of their respective
owners.

Type 'help;' or '\h' for help. Type '\c' to clear the current input statement.

mysql> CREATE DATABASE movies;
Query OK, 1 row affected (0.00 sec)

mysql> SHOW DATABASE;
ERROR 1064 (42000): You have an error in your SQL syntax; check the manual that corresponds to your MySQL server version for the right syntax to use near 'DATABASE' at line 1
mysql> SHOW DATABASES;
+--------------------+
| Database           |
+--------------------+
| information_schema |
| college            |
| movies             |
| mysql              |
| performance_schema |
| test               |
+--------------------+
6 rows in set (0.02 sec)

mysql> CREATE TABLE movies (
    -> VARCHAR(50) NOT NULL
    -> VARCHAR(50) NOT NULL
    -> \C
ERROR:
Usage: \C charset_name | charset charset_name
    -> ]c
    -> \c
mysql> CREATE TABLE student (
    -> id INT(9) NOT NULL
    -> name VARCHAR(30) NOT NULL

Enter password: ****
Welcome to the MySQL monitor.  Commands end with ; or \g.
Your MySQL connection id is 9
Server version: 5.5.62 MySQL Community Server (GPL)

Copyright (c) 2000, 2018, Oracle and/or its affiliates. All rights reserved.

Oracle is a registered trademark of Oracle Corporation and/or its
affiliates. Other names may be trademarks of their respective
owners.

Type 'help;' or '\h' for help. Type '\c' to clear the current input statement.

mysql> show databases;
+--------------------+
| Database           |
+--------------------+
| information_schema |
| college            |
| movies             |
| mysql              |
| performance_schema |
| test               |
+--------------------+
6 rows in set (0.00 sec)

mysql> ALTER DATABASES;
ERROR 1064 (42000): You have an error in your SQL syntax; check the manual that corresponds to your MySQL server version for the right syntax to use near 'DATABASES' at line 1
mysql> DROP DATABASES;
ERROR 1064 (42000): You have an error in your SQL syntax; check the manual that corresponds to your MySQL server version for the right syntax to use near 'DATABASES' at line 1
mysql> CREATE DATABASE sse;
Query OK, 1 row affected (0.00 sec)

mysql> SHOW DATABASES;
+--------------------+
| Database           |
+--------------------+
| information_schema |
| college            |
| movies             |
| mysql              |
| performance_schema |
| sse                |
| test               |
+--------------------+
7 rows in set (0.00 sec)

mysql> USE sse
Database changed
mysql> USE sse;
Database changed
mysql> CREATE TABLE student (name varchar(30), regno int(9), gender(10),
    -> mark int(10), mobileno int(10), City varchar(20));
ERROR 1064 (42000): You have an error in your SQL syntax; check the manual that corresponds to your MySQL server version for the right syntax to use near '(10),
mark int(10), mobileno int(10), City varchar(20))' at line 1
mysql> DESC STUDENT;
ERROR 1146 (42S02): Table 'sse.student' doesn't exist
mysql> CREATE TABLE student (name varchar(30), regno int(9), gender(10),mark int(10), mobileno int(10), City varchar(20));
ERROR 1064 (42000): You have an error in your SQL syntax; check the manual that corresponds to your MySQL server version for the right syntax to use near '(10),mark int(10), mobileno int(10), City varchar(20))' at line 1
mysql> DESC STUDENT;
ERROR 1146 (42S02): Table 'sse.student' doesn't exist
mysql> SHOW TABLE student;
ERROR 1064 (42000): You have an error in your SQL syntax; check the manual that corresponds to your MySQL server version for the right syntax to use near 'student' at line 1
mysql> USE sse;
Database changed
mysql> CREATE TABLE faculty (facno VARCHAR(4), facname VARCHAR(15), gender CHAR(1), dob DATE, doj DATE,
    -> mobileno NUMBER(10);
ERROR 1064 (42000): You have an error in your SQL syntax; check the manual that corresponds to your MySQL server version for the right syntax to use near 'NUMBER(10)' at line 2
mysql> CREATE TABLE faculty (facno VARCHAR(4), facname VARCHAR(15), gender CHAR(1), dob DATE, doj DATE, mobileno NUMBER(10));
ERROR 1064 (42000): You have an error in your SQL syntax; check the manual that corresponds to your MySQL server version for the right syntax to use near 'NUMBER(10))' at line 1
mysql> CREATE TABLE faculty (facno VARCHAR(4), facname VARCHAR(15), gender CHAR(1), dob DATE, doj DATE, mobileno NUMBER INT(10));
ERROR 1064 (42000): You have an error in your SQL syntax; check the manual that corresponds to your MySQL server version for the right syntax to use near 'NUMBER INT(10))' at line 1
mysql> CREATE TABLE faculty (facno VARCHAR(4), facname VARCHAR(15), gender CHAR(1), dob DATE, doj DATE, mobileno INT(10));
Query OK, 0 rows affected (0.03 sec)

mysql> DESC faculty;
+----------+-------------+------+-----+---------+-------+
| Field    | Type        | Null | Key | Default | Extra |
+----------+-------------+------+-----+---------+-------+
| facno    | varchar(4)  | YES  |     | NULL    |       |
| facname  | varchar(15) | YES  |     | NULL    |       |
| gender   | char(1)     | YES  |     | NULL    |       |
| dob      | date        | YES  |     | NULL    |       |
| doj      | date        | YES  |     | NULL    |       |
| mobileno | int(10)     | YES  |     | NULL    |       |
+----------+-------------+------+-----+---------+-------+
6 rows in set (0.02 sec)

mysql> CREATE TABLE faculty (Fac_No VARCHAR(4), Fac_Name VARCHAR(15), Gender CHAR(1), DOB DATE, DOJ DATE, Mobile_No INT(10), Salary INT(6));
ERROR 1050 (42S01): Table 'faculty' already exists
mysql> ALTER TABLE faculty
    -> ADD Salary INT(6);
Query OK, 0 rows affected (0.03 sec)
Records: 0  Duplicates: 0  Warnings: 0

mysql> DESC faculty;
+----------+-------------+------+-----+---------+-------+
| Field    | Type        | Null | Key | Default | Extra |
+----------+-------------+------+-----+---------+-------+
| facno    | varchar(4)  | YES  |     | NULL    |       |
| facname  | varchar(15) | YES  |     | NULL    |       |
| gender   | char(1)     | YES  |     | NULL    |       |
| dob      | date        | YES  |     | NULL    |       |
| doj      | date        | YES  |     | NULL    |       |
| mobileno | int(10)     | YES  |     | NULL    |       |
| Salary   | int(6)      | YES  |     | NULL    |       |
+----------+-------------+------+-----+---------+-------+
7 rows in set (0.01 sec)

mysql> ALTER TABLE faculty
    -> DROP COLUMN doj DATE;
ERROR 1064 (42000): You have an error in your SQL syntax; check the manual that corresponds to your MySQL server version for the right syntax to use near 'DATE' at line 2
mysql> ALTER TABLE faculty
    -> DROP COLUMN doj date;
ERROR 1064 (42000): You have an error in your SQL syntax; check the manual that corresponds to your MySQL server version for the right syntax to use near 'date' at line 2
mysql> ALTER TABLE faculty
    -> DROP COLUMN doj:
    -> ALTER TABLE faculty
    -> DROP COLUMN doj;
ERROR 1064 (42000): You have an error in your SQL syntax; check the manual that corresponds to your MySQL server version for the right syntax to use near ':
ALTER TABLE faculty
DROP COLUMN doj' at line 2
mysql> ALTER TABLE faculty
    -> DROP doj DATE;
ERROR 1064 (42000): You have an error in your SQL syntax; check the manual that corresponds to your MySQL server version for the right syntax to use near 'DATE' at line 2
mysql> ALTER TABLE faculty;
Query OK, 0 rows affected (0.00 sec)

mysql> ALTER TABLE faculty
    -> DROP COLUMN doj;
Query OK, 0 rows affected (0.03 sec)
Records: 0  Duplicates: 0  Warnings: 0

mysql> DESC facullty;
ERROR 1146 (42S02): Table 'sse.facullty' doesn't exist
mysql> SHOW DATABASES;
+--------------------+
| Database           |
+--------------------+
| information_schema |
| college            |
| movies             |
| mysql              |
| performance_schema |
| sse                |
| test               |
+--------------------+
7 rows in set (0.00 sec)

mysql> DESC sse;
ERROR 1146 (42S02): Table 'sse.sse' doesn't exist
mysql> DESC faculty;
+----------+-------------+------+-----+---------+-------+
| Field    | Type        | Null | Key | Default | Extra |
+----------+-------------+------+-----+---------+-------+
| facno    | varchar(4)  | YES  |     | NULL    |       |
| facname  | varchar(15) | YES  |     | NULL    |       |
| gender   | char(1)     | YES  |     | NULL    |       |
| dob      | date        | YES  |     | NULL    |       |
| mobileno | int(10)     | YES  |     | NULL    |       |
| Salary   | int(6)      | YES  |     | NULL    |       |
+----------+-------------+------+-----+---------+-------+
6 rows in set (0.02 sec)

mysql> TRUNCATE TABLE faculty;
Query OK, 0 rows affected (0.02 sec)

mysql> DESC faculty;
+----------+-------------+------+-----+---------+-------+
| Field    | Type        | Null | Key | Default | Extra |
+----------+-------------+------+-----+---------+-------+
| facno    | varchar(4)  | YES  |     | NULL    |       |
| facname  | varchar(15) | YES  |     | NULL    |       |
| gender   | char(1)     | YES  |     | NULL    |       |
| dob      | date        | YES  |     | NULL    |       |
| mobileno | int(10)     | YES  |     | NULL    |       |
| Salary   | int(6)      | YES  |     | NULL    |       |
+----------+-------------+------+-----+---------+-------+
6 rows in set (0.02 sec)

mysql>